qvariant-deprecated/main.cpp:4:13: warning: Use QVariant::userType() instead of QVariant::type() [-Wclazy-qvariant-deprecated]
qvariant-deprecated/main.cpp:5:14: warning: QVariant::Map is deprecated, use QMetaType::QVariantMap [-Wclazy-qvariant-deprecated]
qvariant-deprecated/main.cpp:6:14: warning: QVariant::List is deprecated, use QMetaType::QVariantList [-Wclazy-qvariant-deprecated]
qvariant-deprecated/main.cpp:7:14: warning: QVariant::Int is deprecated, use QMetaType::Int [-Wclazy-qvariant-deprecated]
qvariant-deprecated/main.cpp:11:9: warning: Use QVariant::userType() instead of QVariant::type() [-Wclazy-qvariant-deprecated]
qvariant-deprecated/main.cpp:11:21: warning: QVariant::Line is deprecated, use QMetaType::QLine [-Wclazy-qvariant-deprecated]
